error: unexpected end of input, expected string literal
  --> tests/ui/discord-frontend/entity_macro/expected_literal_1.rs:32:1
   |
LL | / #[entity(
LL | |     from =
LL | | )]
   | |__^
   |
   = note: this error originates in the attribute macro `entity` (in Nightly builds, run with -Z macro-backtrace for more info)

error: aborting due to 1 previous error

