error: unexpected end of input, expected identifier
  --> tests/ui/discord-frontend/plugin_macro/unexpected_eof.rs:30:1
   |
LL | #[hartex_discord_commands_macros::plugin()]
   | ^^^^^^^^^^^^^^^^^^^^^^^^^^^^^^^^^^^^^^^^^^^
   |
   = note: this error originates in the attribute macro `hartex_discord_commands_macros::plugin` (in Nightly builds, run with -Z macro-backtrace for more info)

error: aborting due to 1 previous error

