error: expected `name`
  --> tests/ui/discord-frontend/command_macro/command_macro_expected_name.rs:33:5
   |
LL |     expected_name = "foo"
   |     ^^^^^^^^^^^^^

error: aborting due to 1 previous error

