error: unexpected end of input, expected literal
  --> tests/ui/discord-frontend/command_macro/expected_literal_3.rs:30:1
   |
LL | / #[hartex_discord_commands_macros::command(
LL | |     name =
LL | | )]
   | |__^
   |
   = note: this error originates in the attribute macro `hartex_discord_commands_macros::command` (in Nightly builds, run with -Z macro-backtrace for more info)

error: aborting due to 1 previous error

