error: unexpected end of input, expected literal
  --> tests/ui/discord-frontend/command_macro/expected_literal_2.rs:30:1
   |
LL | / #[hartex_discord_commands_macros::metadata(
LL | |     command_type = 1,
LL | |     interaction_only =
LL | | )]
   | |__^
   |
   = note: this error originates in the attribute macro `hartex_discord_commands_macros::metadata` (in Nightly builds, run with -Z macro-backtrace for more info)

error: aborting due to 1 previous error

