error: expected literal
  --> tests/ui/discord-frontend/command_macro/expected_literal_6.rs:34:12
   |
LL |     name = core
   |            ^^^^

error: aborting due to 1 previous error

